≡ƒº¬ Testing Gemini Question Generation...
npx.cmd : Gemini Generation Error: ApiError: {"error":{"code":429,"message":"You exceeded your current quota, please 
check your plan and billing details. For more information on this error, head to: 
https://ai.google.dev/gemini-api/docs/rate-limits. To monitor your current usage, head to: https://ai.dev/rate-limit. 
\n* Quota exceeded for metric: generativelanguage.googleapis.com/generate_content_free_tier_requests, limit: 0, model: 
gemini-2.0-flash\n* Quota exceeded for metric: generativelanguage.googleapis.com/generate_content_free_tier_requests, 
limit: 0, model: gemini-2.0-flash\n* Quota exceeded for metric: 
generativelanguage.googleapis.com/generate_content_free_tier_input_token_count, limit: 0, model: 
gemini-2.0-flash\nPlease retry in 48.995764328s.","status":"RESOURCE_EXHAUSTED","details":[{"@type":"type.googleapis.co
m/google.rpc.Help","links":[{"description":"Learn more about Gemini API quotas","url":"https://ai.google.dev/gemini-api
/docs/rate-limits"}]},{"@type":"type.googleapis.com/google.rpc.QuotaFailure","violations":[{"quotaMetric":"generativela
nguage.googleapis.com/generate_content_free_tier_requests","quotaId":"GenerateRequestsPerDayPerProjectPerModel-FreeTier
","quotaDimensions":{"model":"gemini-2.0-flash","location":"global"}},{"quotaMetric":"generativelanguage.googleapis.com
/generate_content_free_tier_requests","quotaId":"GenerateRequestsPerMinutePerProjectPerModel-FreeTier","quotaDimensions
":{"model":"gemini-2.0-flash","location":"global"}},{"quotaMetric":"generativelanguage.googleapis.com/generate_content_
free_tier_input_token_count","quotaId":"GenerateContentInputTokensPerModelPerMinute-FreeTier","quotaDimensions":{"locat
ion":"global","model":"gemini-2.0-flash"}}]},{"@type":"type.googleapis.com/google.rpc.RetryInfo","retryDelay":"48s"}]}}
At line:1 char:1
+ npx.cmd tsx scripts/test-gemini-gen.ts > test_output.txt 2>&1
+ ~~~~~~~~~~~~~~~~~~~~~~~~~~~~~~~~~~~~~~~~~~~~~~~~~~~~~~~~~~~~~
    + CategoryInfo          : NotSpecified: (Gemini Generati...elay":"48s"}]}}:String) [], RemoteException
    + FullyQualifiedErrorId : NativeCommandError
 
    at throwErrorIfNotOK (C:\Users\USER\Downloads\e-library\node_modules\@google\genai\dist\node\index.cjs:12352:30)
    at process.processTicksAndRejections (node:internal/process/task_queues:104:5)
    at async C:\Users\USER\Downloads\e-library\node_modules\@google\genai\dist\node\index.cjs:12055:13
    at async Models.generateContent 
(C:\Users\USER\Downloads\e-library\node_modules\@google\genai\dist\node\index.cjs:13456:24)
    at async generateWithGemini (C:\Users\USER\Downloads\e-library\lib\gemini.ts:32:22)
    at async test (C:\Users\USER\Downloads\e-library\scripts\test-gemini-gen.ts:32:22) {
  status: 429
}
Γ¥î Test failed: {"error":{"code":429,"message":"You exceeded your current quota, please check your plan and billing 
details. For more information on this error, head to: https://ai.google.dev/gemini-api/docs/rate-limits. To monitor 
your current usage, head to: https://ai.dev/rate-limit. \n* Quota exceeded for metric: 
generativelanguage.googleapis.com/generate_content_free_tier_requests, limit: 0, model: gemini-2.0-flash\n* Quota 
exceeded for metric: generativelanguage.googleapis.com/generate_content_free_tier_requests, limit: 0, model: 
gemini-2.0-flash\n* Quota exceeded for metric: 
generativelanguage.googleapis.com/generate_content_free_tier_input_token_count, limit: 0, model: 
gemini-2.0-flash\nPlease retry in 48.995764328s.","status":"RESOURCE_EXHAUSTED","details":[{"@type":"type.googleapis.co
m/google.rpc.Help","links":[{"description":"Learn more about Gemini API quotas","url":"https://ai.google.dev/gemini-api
/docs/rate-limits"}]},{"@type":"type.googleapis.com/google.rpc.QuotaFailure","violations":[{"quotaMetric":"generativela
nguage.googleapis.com/generate_content_free_tier_requests","quotaId":"GenerateRequestsPerDayPerProjectPerModel-FreeTier
","quotaDimensions":{"model":"gemini-2.0-flash","location":"global"}},{"quotaMetric":"generativelanguage.googleapis.com
/generate_content_free_tier_requests","quotaId":"GenerateRequestsPerMinutePerProjectPerModel-FreeTier","quotaDimensions
":{"model":"gemini-2.0-flash","location":"global"}},{"quotaMetric":"generativelanguage.googleapis.com/generate_content_
free_tier_input_token_count","quotaId":"GenerateContentInputTokensPerModelPerMinute-FreeTier","quotaDimensions":{"locat
ion":"global","model":"gemini-2.0-flash"}}]},{"@type":"type.googleapis.com/google.rpc.RetryInfo","retryDelay":"48s"}]}}
